Archive member included because of file (symbol)

c:/siliconlabs/simplicitystudio/v3/developer/toolchains/gnu_arm/4.8_2013q4/bin/../lib/gcc/arm-none-eabi/4.8.3/armv6-m\libgcc.a(_thumb1_case_uqi.o)
                              ./src/graphics.o (__gnu_thumb1_case_uqi)
c:/siliconlabs/simplicitystudio/v3/developer/toolchains/gnu_arm/4.8_2013q4/bin/../lib/gcc/arm-none-eabi/4.8.3/armv6-m\libgcc.a(_udivsi3.o)
                              ./src/graphics.o (__aeabi_uidiv)
c:/siliconlabs/simplicitystudio/v3/developer/toolchains/gnu_arm/4.8_2013q4/bin/../lib/gcc/arm-none-eabi/4.8.3/armv6-m\libgcc.a(_divsi3.o)
                              ./src/graphics.o (__aeabi_idiv)
c:/siliconlabs/simplicitystudio/v3/developer/toolchains/gnu_arm/4.8_2013q4/bin/../lib/gcc/arm-none-eabi/4.8.3/armv6-m\libgcc.a(_dvmd_tls.o)
                              c:/siliconlabs/simplicitystudio/v3/developer/toolchains/gnu_arm/4.8_2013q4/bin/../lib/gcc/arm-none-eabi/4.8.3/armv6-m\libgcc.a(_udivsi3.o) (__aeabi_idiv0)
c:/siliconlabs/simplicitystudio/v3/developer/toolchains/gnu_arm/4.8_2013q4/bin/../lib/gcc/arm-none-eabi/4.8.3/armv6-m\libgcc.a(_aeabi_uldivmod.o)
                              ./Drivers/rtcdriver.o (__aeabi_uldivmod)
c:/siliconlabs/simplicitystudio/v3/developer/toolchains/gnu_arm/4.8_2013q4/bin/../lib/gcc/arm-none-eabi/4.8.3/armv6-m\libgcc.a(_muldi3.o)
                              ./Drivers/rtcdriver.o (__aeabi_lmul)
c:/siliconlabs/simplicitystudio/v3/developer/toolchains/gnu_arm/4.8_2013q4/bin/../lib/gcc/arm-none-eabi/4.8.3/armv6-m\libgcc.a(bpabi.o)
                              c:/siliconlabs/simplicitystudio/v3/developer/toolchains/gnu_arm/4.8_2013q4/bin/../lib/gcc/arm-none-eabi/4.8.3/armv6-m\libgcc.a(_aeabi_uldivmod.o) (__gnu_uldivmod_helper)
c:/siliconlabs/simplicitystudio/v3/developer/toolchains/gnu_arm/4.8_2013q4/bin/../lib/gcc/arm-none-eabi/4.8.3/armv6-m\libgcc.a(_divdi3.o)
                              c:/siliconlabs/simplicitystudio/v3/developer/toolchains/gnu_arm/4.8_2013q4/bin/../lib/gcc/arm-none-eabi/4.8.3/armv6-m\libgcc.a(bpabi.o) (__divdi3)
c:/siliconlabs/simplicitystudio/v3/developer/toolchains/gnu_arm/4.8_2013q4/bin/../lib/gcc/arm-none-eabi/4.8.3/armv6-m\libgcc.a(_udivdi3.o)
                              c:/siliconlabs/simplicitystudio/v3/developer/toolchains/gnu_arm/4.8_2013q4/bin/../lib/gcc/arm-none-eabi/4.8.3/armv6-m\libgcc.a(bpabi.o) (__udivdi3)
c:/siliconlabs/simplicitystudio/v3/developer/toolchains/gnu_arm/4.8_2013q4/bin/../lib/gcc/arm-none-eabi/4.8.3/armv6-m\libgcc.a(_clzsi2.o)
                              c:/siliconlabs/simplicitystudio/v3/developer/toolchains/gnu_arm/4.8_2013q4/bin/../lib/gcc/arm-none-eabi/4.8.3/armv6-m\libgcc.a(_divdi3.o) (__clzsi2)
c:/siliconlabs/simplicitystudio/v3/developer/toolchains/gnu_arm/4.8_2013q4/bin/../lib/gcc/arm-none-eabi/4.8.3/../../../../arm-none-eabi/lib/armv6-m\libc_s.a(lib_a-exit.o)
                              c:/siliconlabs/simplicitystudio/v3/developer/toolchains/gnu_arm/4.8_2013q4/bin/../lib/gcc/arm-none-eabi/4.8.3/../../../../arm-none-eabi/lib/armv6-m/crt0.o (exit)
c:/siliconlabs/simplicitystudio/v3/developer/toolchains/gnu_arm/4.8_2013q4/bin/../lib/gcc/arm-none-eabi/4.8.3/../../../../arm-none-eabi/lib/armv6-m\libc_s.a(lib_a-impure.o)
                              c:/siliconlabs/simplicitystudio/v3/developer/toolchains/gnu_arm/4.8_2013q4/bin/../lib/gcc/arm-none-eabi/4.8.3/../../../../arm-none-eabi/lib/armv6-m\libc_s.a(lib_a-exit.o) (_global_impure_ptr)
c:/siliconlabs/simplicitystudio/v3/developer/toolchains/gnu_arm/4.8_2013q4/bin/../lib/gcc/arm-none-eabi/4.8.3/../../../../arm-none-eabi/lib/armv6-m\libc_s.a(lib_a-init.o)
                              c:/siliconlabs/simplicitystudio/v3/developer/toolchains/gnu_arm/4.8_2013q4/bin/../lib/gcc/arm-none-eabi/4.8.3/../../../../arm-none-eabi/lib/armv6-m/crt0.o (__libc_init_array)
c:/siliconlabs/simplicitystudio/v3/developer/toolchains/gnu_arm/4.8_2013q4/bin/../lib/gcc/arm-none-eabi/4.8.3/../../../../arm-none-eabi/lib/armv6-m\libc_s.a(lib_a-memcpy-stub.o)
                              ./Graphics/dmd_display.o (memcpy)
c:/siliconlabs/simplicitystudio/v3/developer/toolchains/gnu_arm/4.8_2013q4/bin/../lib/gcc/arm-none-eabi/4.8.3/../../../../arm-none-eabi/lib/armv6-m\libc_s.a(lib_a-memset.o)
                              c:/siliconlabs/simplicitystudio/v3/developer/toolchains/gnu_arm/4.8_2013q4/bin/../lib/gcc/arm-none-eabi/4.8.3/../../../../arm-none-eabi/lib/armv6-m/crt0.o (memset)
c:/siliconlabs/simplicitystudio/v3/developer/toolchains/gnu_arm/4.8_2013q4/bin/../lib/gcc/arm-none-eabi/4.8.3/../../../../arm-none-eabi/lib/armv6-m\libc_s.a(lib_a-strlen.o)
                              ./src/graphics.o (strlen)
c:/siliconlabs/simplicitystudio/v3/developer/toolchains/gnu_arm/4.8_2013q4/bin/../lib/gcc/arm-none-eabi/4.8.3/../../../../arm-none-eabi/lib/armv6-m\libnosys.a(_exit.o)
[...]
Memory Configuration

Name             Origin             Length             Attributes
FLASH            0x00000000         0x00008000         xr
RAM              0x20000000         0x00001000         xrw
*default*        0x00000000         0xffffffff

Linker script and memory map

LOAD c:/siliconlabs/simplicitystudio/v3/developer/toolchains/gnu_arm/4.8_2013q4/bin/../lib/gcc/arm-none-eabi/4.8.3/armv6-m/crti.o
LOAD c:/siliconlabs/simplicitystudio/v3/developer/toolchains/gnu_arm/4.8_2013q4/bin/../lib/gcc/arm-none-eabi/4.8.3/armv6-m/crtbegin.o
LOAD c:/siliconlabs/simplicitystudio/v3/developer/toolchains/gnu_arm/4.8_2013q4/bin/../lib/gcc/arm-none-eabi/4.8.3/../../../../arm-none-eabi/lib/armv6-m/crt0.o
LOAD ./src/background.o
LOAD ./src/graphics.o
LOAD ./src/weatherstation.o
LOAD ./emlib/em_adc.o
LOAD ./emlib/em_assert.o
LOAD ./emlib/em_cmu.o
LOAD ./emlib/em_emu.o
LOAD ./emlib/em_gpio.o
LOAD ./emlib/em_i2c.o
LOAD ./emlib/em_int.o
LOAD ./emlib/em_leuart.o
LOAD ./emlib/em_rtc.o
LOAD ./emlib/em_usart.o
LOAD ./Graphics/dmd_display.o
LOAD ./Graphics/glib.o
LOAD ./Graphics/glib_bitmap.o
LOAD ./Graphics/glib_circle.o
LOAD ./Graphics/glib_font_normal_8x8.o
LOAD ./Graphics/glib_line.o
LOAD ./Graphics/glib_rectangle.o
LOAD ./Graphics/glib_string.o
LOAD ./Drivers/display.o
LOAD ./Drivers/displayls013b7dh03.o
LOAD ./Drivers/displaypalemlib.o
LOAD ./Drivers/i2cspm.o
LOAD ./Drivers/rtcdriver.o
LOAD ./Drivers/si1147_i2c.o
LOAD ./Drivers/si114x_algorithm.o
LOAD ./Drivers/si114x_functions.o
LOAD ./Drivers/si7013.o
LOAD ./Drivers/udelay.o
LOAD ./CMSIS/efm32zg/startup_gcc_efm32zg.o
LOAD ./CMSIS/efm32zg/system_efm32zg.o
LOAD ./BSP/bsp_bcc.o
LOAD ./BSP/bsp_stk.o
START GROUP
LOAD c:/siliconlabs/simplicitystudio/v3/developer/toolchains/gnu_arm/4.8_2013q4/bin/../lib/gcc/arm-none-eabi/4.8.3/armv6-m\libgcc.a
LOAD c:/siliconlabs/simplicitystudio/v3/developer/toolchains/gnu_arm/4.8_2013q4/bin/../lib/gcc/arm-none-eabi/4.8.3/../../../../arm-none-eabi/lib/armv6-m\libc_s.a
LOAD c:/siliconlabs/simplicitystudio/v3/developer/toolchains/gnu_arm/4.8_2013q4/bin/../lib/gcc/arm-none-eabi/4.8.3/../../../../arm-none-eabi/lib/armv6-m\libnosys.a
END GROUP
START GROUP
LOAD c:/siliconlabs/simplicitystudio/v3/developer/toolchains/gnu_arm/4.8_2013q4/bin/../lib/gcc/arm-none-eabi/4.8.3/armv6-m\libgcc.a
LOAD c:/siliconlabs/simplicitystudio/v3/developer/toolchains/gnu_arm/4.8_2013q4/bin/../lib/gcc/arm-none-eabi/4.8.3/../../../../arm-none-eabi/lib/armv6-m\libg_s.a
LOAD c:/siliconlabs/simplicitystudio/v3/developer/toolchains/gnu_arm/4.8_2013q4/bin/../lib/gcc/arm-none-eabi/4.8.3/../../../../arm-none-eabi/lib/armv6-m\libc_s.a
END GROUP
START GROUP
LOAD c:/siliconlabs/simplicitystudio/v3/developer/toolchains/gnu_arm/4.8_2013q4/bin/../lib/gcc/arm-none-eabi/4.8.3/armv6-m\libgcc.a
LOAD c:/siliconlabs/simplicitystudio/v3/developer/toolchains/gnu_arm/4.8_2013q4/bin/../lib/gcc/arm-none-eabi/4.8.3/../../../../arm-none-eabi/lib/armv6-m\libc_s.a
END GROUP
LOAD c:/siliconlabs/simplicitystudio/v3/developer/toolchains/gnu_arm/4.8_2013q4/bin/../lib/gcc/arm-none-eabi/4.8.3/armv6-m/crtend.o
LOAD c:/siliconlabs/simplicitystudio/v3/developer/toolchains/gnu_arm/4.8_2013q4/bin/../lib/gcc/arm-none-eabi/4.8.3/armv6-m/crtn.o

.text           0x00000000     0x646c
 *(.isr_vector)
 .isr_vector    0x00000000      0x100 ./CMSIS/efm32zg/startup_gcc_efm32zg.o
                0x00000000                __isr_vector
 *(.text*)
 .text          0x00000100       0x60 c:/siliconlabs/simplicitystudio/v3/developer/toolchains/gnu_arm/4.8_2013q4/bin/../lib/gcc/arm-none-eabi/4.8.3/armv6-m/crtbegin.o
 .text          0x00000160       0x78 c:/siliconlabs/simplicitystudio/v3/developer/toolchains/gnu_arm/4.8_2013q4/bin/../lib/gcc/arm-none-eabi/4.8.3/../../../../arm-none-eabi/lib/armv6-m/crt0.o
                0x00000160                _start
                0x00000160                _mainCRTStartup
 .text.GRAPHICS_CreateString
                0x000001d8       0x6c ./src/graphics.o
 .text.GRAPHICS_Init
                0x00000244       0x34 ./src/graphics.o
                0x00000244                GRAPHICS_Init
 .text.GRAPHICS_ShowStatus
                0x00000278      0x100 ./src/graphics.o
                0x00000278                GRAPHICS_ShowStatus
 .text.GRAPHICS_Draw
                0x00000378      0x2dc ./src/graphics.o
                0x00000378                GRAPHICS_Draw
 .text.memLcdCallback
                0x00000654       0x18 ./src/weatherstation.o
 .text.periodicUpdateCallback
                0x0000066c       0x14 ./src/weatherstation.o
 .text.msTicksCallback
                0x00000680       0x10 ./src/weatherstation.o
 .text.disableGestureMode
                0x00000690       0x44 ./src/weatherstation.o
 .text.handleGestures
                0x000006d4       0x8c ./src/weatherstation.o
 .text.animationUpdateCallback
                0x00000760       0xb4 ./src/weatherstation.o
 .text.startup.main
                0x00000814      0x324 ./src/weatherstation.o
                0x00000814                main
 .text.ADC0_IRQHandler
                0x00000b38       0x18 ./src/weatherstation.o
                0x00000b38                ADC0_IRQHandler
 .text.PB0_handler
                0x00000b50       0x58 ./src/weatherstation.o
                0x00000b50                PB0_handler
 .text.GPIO_Unified_IRQ
                0x00000ba8       0x34 ./src/weatherstation.o
                0x00000ba8                GPIO_Unified_IRQ
 .text.GPIO_EVEN_IRQHandler
                0x00000bdc        0x8 ./src/weatherstation.o
                0x00000bdc                GPIO_EVEN_IRQHandler
 .text.GPIO_ODD_IRQHandler
                0x00000be4        0x8 ./src/weatherstation.o
                0x00000be4                GPIO_ODD_IRQHandler
 .text.RtcIntCallbackRegister
                0x00000bec       0x44 ./src/weatherstation.o
                0x00000bec                RtcIntCallbackRegister
 .text.ADC_Init
                0x00000c30       0x3a ./emlib/em_adc.o
                0x00000c30                ADC_Init
 *fill*         0x00000c6a        0x2 
 .text.ADC_InitSingle
                0x00000c6c       0xd8 ./emlib/em_adc.o
                0x00000c6c                ADC_InitSingle
 .text.CMU_FlashWaitStateControl
                0x00000d44       0x40 ./emlib/em_cmu.o
 .text.CMU_AUXClkGet
                0x00000d84       0x5c ./emlib/em_cmu.o
 .text.CMU_Sync
                0x00000de0       0x14 ./emlib/em_cmu.o
 .text.CMU_LFClkGet
                0x00000df4       0x48 ./emlib/em_cmu.o
 .text.CMU_ClockDivGet
                0x00000e3c       0x5c ./emlib/em_cmu.o
                0x00000e3c                CMU_ClockDivGet
 .text.CMU_ClockDivSet
                0x00000e98       0xd8 ./emlib/em_cmu.o
                0x00000e98                CMU_ClockDivSet
 .text.CMU_ClockEnable
                0x00000f70       0x74 ./emlib/em_cmu.o
                0x00000f70                CMU_ClockEnable
 .text.CMU_ClockSelectGet
                0x00000fe4       0x9c ./emlib/em_cmu.o
                0x00000fe4                CMU_ClockSelectGet
 .text.CMU_ClockFreqGet
                0x00001080       0xbc ./emlib/em_cmu.o
                0x00001080                CMU_ClockFreqGet
 .text.CMU_OscillatorEnable
                0x0000113c       0x50 ./emlib/em_cmu.o
                0x0000113c                CMU_OscillatorEnable
 .text.CMU_ClockSelectSet
                0x0000118c       0xe4 ./emlib/em_cmu.o
                0x0000118c                CMU_ClockSelectSet
 .text.EMU_Restore
                0x00001270       0x94 ./emlib/em_emu.o
 .text.EMU_EnterEM2
                0x00001304       0x3c ./emlib/em_emu.o
                0x00001304                EMU_EnterEM2
 .text.EMU_UpdateOscConfig
                0x00001340       0x14 ./emlib/em_emu.o
                0x00001340                EMU_UpdateOscConfig
 .text.GPIO_IntConfig
                0x00001354       0x88 ./emlib/em_gpio.o
                0x00001354                GPIO_IntConfig
 .text.GPIO_PinModeSet
                0x000013dc       0x8c ./emlib/em_gpio.o
                0x000013dc                GPIO_PinModeSet
 .text.I2C_BusFreqSet
                0x00001468       0x54 ./emlib/em_i2c.o
                0x00001468                I2C_BusFreqSet
 .text.I2C_Init
                0x000014bc       0x3c ./emlib/em_i2c.o
                0x000014bc                I2C_Init
 .text.I2C_Transfer
                0x000014f8      0x230 ./emlib/em_i2c.o
                0x000014f8                I2C_Transfer
 .text.I2C_TransferInit
                0x00001728       0x6c ./emlib/em_i2c.o
                0x00001728                I2C_TransferInit
 .text.RTC_CompareGet
                0x00001794       0x1c ./emlib/em_rtc.o
                0x00001794                RTC_CompareGet
 .text.RTC_CompareSet
                0x000017b0       0x1c ./emlib/em_rtc.o
                0x000017b0                RTC_CompareSet
 .text.RTC_Enable
                0x000017cc       0x14 ./emlib/em_rtc.o
                0x000017cc                RTC_Enable
 .text.RTC_FreezeEnable
                0x000017e0       0x14 ./emlib/em_rtc.o
                0x000017e0                RTC_FreezeEnable
 .text.RTC_Init
                0x000017f4       0x20 ./emlib/em_rtc.o
                0x000017f4                RTC_Init
 .text.RTC_CounterReset
                0x00001814       0x10 ./emlib/em_rtc.o
                0x00001814                RTC_CounterReset
 .text.USART_BaudrateSyncSet
                0x00001824       0x30 ./emlib/em_usart.o
                0x00001824                USART_BaudrateSyncSet
 .text.USART_Reset
                0x00001854       0x3c ./emlib/em_usart.o
                0x00001854                USART_Reset
 .text.USART_InitSync
                0x00001890       0x5c ./emlib/em_usart.o
                0x00001890                USART_InitSync
 .text.USART_Tx
                0x000018ec        0xa ./emlib/em_usart.o
                0x000018ec                USART_Tx
 .text.USART_TxDouble
                0x000018f6        0xa ./emlib/em_usart.o
                0x000018f6                USART_TxDouble
 .text.DMD_getDisplayGeometry
                0x00001900       0x1c ./Graphics/dmd_display.o
                0x00001900                DMD_getDisplayGeometry
 .text.DMD_setClippingArea
                0x0000191c       0x40 ./Graphics/dmd_display.o
                0x0000191c                DMD_setClippingArea
 .text.DMD_writeData
                0x0000195c      0x170 ./Graphics/dmd_display.o
                0x0000195c                DMD_writeData
 .text.DMD_writeColor
                0x00001acc      0x15c ./Graphics/dmd_display.o
                0x00001acc                DMD_writeColor
 .text.DMD_allocateFramebuffer
                0x00001c28       0x38 ./Graphics/dmd_display.o
                0x00001c28                DMD_allocateFramebuffer
 .text.DMD_init
                0x00001c60       0x78 ./Graphics/dmd_display.o
                0x00001c60                DMD_init
 .text.DMD_updateDisplay
                0x00001cd8       0xa0 ./Graphics/dmd_display.o
                0x00001cd8                DMD_updateDisplay
 .text.GLIB_setClippingRegion
                0x00001d78       0x6c ./Graphics/glib.o
                0x00001d78                GLIB_setClippingRegion
 .text.GLIB_contextInit
                0x00001de4       0x54 ./Graphics/glib.o
                0x00001de4                GLIB_contextInit
 .text.GLIB_resetDisplayClippingArea
                0x00001e38       0x1a ./Graphics/glib.o
                0x00001e38                GLIB_resetDisplayClippingArea
 .text.GLIB_clear
                0x00001e52       0x34 ./Graphics/glib.o
                0x00001e52                GLIB_clear
 .text.GLIB_colorTranslate24bpp
                0x00001e86        0xe ./Graphics/glib.o
                0x00001e86                GLIB_colorTranslate24bpp
 .text.GLIB_drawPixel
                0x00001e94       0x38 ./Graphics/glib.o
                0x00001e94                GLIB_drawPixel
 .text.GLIB_drawPixelColor
                0x00001ecc       0x36 ./Graphics/glib.o
                0x00001ecc                GLIB_drawPixelColor
 .text.GLIB_getClipCode
                0x00001f02       0x30 ./Graphics/glib_line.o
 .text.GLIB_drawLineH
                0x00001f32       0x78 ./Graphics/glib_line.o
                0x00001f32                GLIB_drawLineH
 .text.GLIB_drawLineV
                0x00001faa       0xa4 ./Graphics/glib_line.o
                0x00001faa                GLIB_drawLineV
 .text.GLIB_drawLine
                0x0000204e      0x18a ./Graphics/glib_line.o
                0x0000204e                GLIB_drawLine
 .text.GLIB_rectContainsPoint
                0x000021d8       0x2a ./Graphics/glib_rectangle.o
                0x000021d8                GLIB_rectContainsPoint
 .text.GLIB_drawChar
                0x00002202      0x128 ./Graphics/glib_string.o
                0x00002202                GLIB_drawChar
 .text.GLIB_drawString
                0x0000232a       0x82 ./Graphics/glib_string.o
                0x0000232a                GLIB_drawString
 .text.GLIB_setFont
                0x000023ac       0x20 ./Graphics/glib_string.o
                0x000023ac                GLIB_setFont
 .text.DISPLAY_Init
                0x000023cc       0x2c ./Drivers/display.o
                0x000023cc                DISPLAY_Init
 .text.DISPLAY_DeviceGet
                0x000023f8       0x3c ./Drivers/display.o
                0x000023f8                DISPLAY_DeviceGet
 .text.DISPLAY_DeviceRegister
                0x00002434       0x44 ./Drivers/display.o
                0x00002434                DISPLAY_DeviceRegister
 .text.PixelMatrixAllocate
                0x00002478       0x3c ./Drivers/displayls013b7dh03.o
 .text.PixelMatrixFree
                0x000024b4        0x8 ./Drivers/displayls013b7dh03.o
 .text.DriverRefresh
                0x000024bc        0xe ./Drivers/displayls013b7dh03.o
 .text.PixelMatrixClear
                0x000024ca       0x20 ./Drivers/displayls013b7dh03.o
 .text.PixelMatrixDraw
                0x000024ea       0x76 ./Drivers/displayls013b7dh03.o
 .text.DisplayPolarityInverse
                0x00002560        0xe ./Drivers/displayls013b7dh03.o
 .text.DisplayEnable.part.0
                0x0000256e       0x14 ./Drivers/displayls013b7dh03.o
 .text.DisplayEnable
                0x00002582       0x20 ./Drivers/displayls013b7dh03.o
 *fill*         0x000025a2        0x2 
 .text.DISPLAY_Ls013b7dh03Init
                0x000025a4       0xfc ./Drivers/displayls013b7dh03.o
                0x000025a4                DISPLAY_Ls013b7dh03Init
 .text.PAL_SpiInit
                0x000026a0       0x44 ./Drivers/displaypalemlib.o
                0x000026a0                PAL_SpiInit
 .text.PAL_SpiTransmit
                0x000026e4       0x40 ./Drivers/displaypalemlib.o
                0x000026e4                PAL_SpiTransmit
 .text.PAL_TimerInit
                0x00002724        0xa ./Drivers/displaypalemlib.o
                0x00002724                PAL_TimerInit
 .text.PAL_TimerMicroSecondsDelay
                0x0000272e        0xa ./Drivers/displaypalemlib.o
                0x0000272e                PAL_TimerMicroSecondsDelay
 .text.PAL_TimerRepeat
                0x00002738       0x14 ./Drivers/displaypalemlib.o
                0x00002738                PAL_TimerRepeat
 .text.PAL_GpioInit
                0x0000274c       0x14 ./Drivers/displaypalemlib.o
                0x0000274c                PAL_GpioInit
 .text.PAL_GpioPinModeSet
                0x00002760       0x1c ./Drivers/displaypalemlib.o
                0x00002760                PAL_GpioPinModeSet
 .text.PAL_GpioPinOutSet
                0x0000277c       0x1c ./Drivers/displaypalemlib.o
                0x0000277c                PAL_GpioPinOutSet
 .text.PAL_GpioPinOutClear
                0x00002798       0x1c ./Drivers/displaypalemlib.o
                0x00002798                PAL_GpioPinOutClear
 .text.PAL_GpioPinOutToggle
                0x000027b4       0x1c ./Drivers/displaypalemlib.o
                0x000027b4                PAL_GpioPinOutToggle
 .text.I2CSPM_Init
                0x000027d0       0x90 ./Drivers/i2cspm.o
                0x000027d0                I2CSPM_Init
 .text.I2CSPM_Transfer
                0x00002860       0x24 ./Drivers/i2cspm.o
                0x00002860                I2CSPM_Transfer
 .text.INT_Disable
                0x00002884       0x18 ./Drivers/rtcdriver.o
 .text.INT_Enable
                0x0000289c       0x1c ./Drivers/rtcdriver.o
 .text.checkAllTimers
                0x000028b8       0xa0 ./Drivers/rtcdriver.o
 .text.executeTimerCallbacks
                0x00002958       0x28 ./Drivers/rtcdriver.o
 .text.delayTicks.part.0
                0x00002980       0x20 ./Drivers/rtcdriver.o
 .text.rescheduleRtc
                0x000029a0       0x90 ./Drivers/rtcdriver.o
 .text.RTCDRV_AllocateTimer
                0x00002a30       0x3c ./Drivers/rtcdriver.o
                0x00002a30                RTCDRV_AllocateTimer
 *fill*         0x00002a6c        0x4 
 .text.RTCDRV_Delay
                0x00002a70       0x68 ./Drivers/rtcdriver.o
                0x00002a70                RTCDRV_Delay
 .text.RTCDRV_Init
                0x00002ad8       0x98 ./Drivers/rtcdriver.o
                0x00002ad8                RTCDRV_Init
 .text.RTCDRV_StartTimer
                0x00002b70      0x1d8 ./Drivers/rtcdriver.o
                0x00002b70                RTCDRV_StartTimer
 .text.RTCDRV_StopTimer
                0x00002d48       0x40 ./Drivers/rtcdriver.o
                0x00002d48                RTCDRV_StopTimer
 .text.RTC_IRQHandler
                0x00002d88       0x78 ./Drivers/rtcdriver.o
                0x00002d88                RTC_IRQHandler
 .text.Si1147_Read_Register
                0x00002e00       0x30 ./Drivers/si1147_i2c.o
                0x00002e00                Si1147_Read_Register
 .text.Si1147_Write_Register
                0x00002e30       0x2a ./Drivers/si1147_i2c.o
                0x00002e30                Si1147_Write_Register
 .text.Si1147_Write_Block_Register
                0x00002e5a       0x3c ./Drivers/si1147_i2c.o
                0x00002e5a                Si1147_Write_Block_Register
 .text.Si1147_Read_Block_Register
                0x00002e96       0x28 ./Drivers/si1147_i2c.o
                0x00002e96                Si1147_Read_Block_Register
 .text.Si114xWriteToRegister
                0x00002ebe       0x16 ./Drivers/si1147_i2c.o
                0x00002ebe                Si114xWriteToRegister
 .text.Si114xReadFromRegister
                0x00002ed4       0x18 ./Drivers/si1147_i2c.o
                0x00002ed4                Si114xReadFromRegister
 .text.Si114xBlockWrite
                0x00002eec       0x1a ./Drivers/si1147_i2c.o
                0x00002eec                Si114xBlockWrite
 .text.Si114xBlockRead
                0x00002f06       0x1a ./Drivers/si1147_i2c.o
                0x00002f06                Si114xBlockRead
 .text.delay_10ms
                0x00002f20        0xa ./Drivers/si1147_i2c.o
                0x00002f20                delay_10ms
 *fill*         0x00002f2a        0x2 
 .text.Si1147_Detect_Device
                0x00002f2c       0x20 ./Drivers/si114x_algorithm.o
                0x00002f2c                Si1147_Detect_Device
 .text.Si1147_SetInterruptOutputEnable
                0x00002f4c       0x1c ./Drivers/si114x_algorithm.o
                0x00002f4c                Si1147_SetInterruptOutputEnable
 .text.Si1147_GetInterruptOutputEnable
                0x00002f68       0x1c ./Drivers/si114x_algorithm.o
                0x00002f68                Si1147_GetInterruptOutputEnable
 .text.Si1147_MeasureUVAndObjectPresent
                0x00002f84       0x94 ./Drivers/si114x_algorithm.o
                0x00002f84                Si1147_MeasureUVAndObjectPresent
 .text.Si1147_NewSample
                0x00003018      0x200 ./Drivers/si114x_algorithm.o
                0x00003018                Si1147_NewSample
 .text.Si1147_ConfigureDetection
                0x00003218       0xe8 ./Drivers/si114x_algorithm.o
                0x00003218                Si1147_ConfigureDetection
 .text.collect  0x00003300       0x4c ./Drivers/si114x_functions.o
 .text.shift_left
                0x0000334c       0x14 ./Drivers/si114x_functions.o
 .text.find_cal_index
                0x00003360       0x38 ./Drivers/si114x_functions.o
 .text._waitUntilSleep
                0x00003398       0x20 ./Drivers/si114x_functions.o
 .text._sendCmd
                0x000033b8       0x72 ./Drivers/si114x_functions.o
 .text.align    0x0000342a       0x3e ./Drivers/si114x_functions.o
 .text.fx20_round
                0x00003468       0x40 ./Drivers/si114x_functions.o
 .text.fx20_divide
                0x000034a8       0x5a ./Drivers/si114x_functions.o
 .text.fx20_multiply.part.1
                0x00003502       0x3c ./Drivers/si114x_functions.o
 .text.Si114xNop
                0x0000353e        0xa ./Drivers/si114x_functions.o
                0x0000353e                Si114xNop
 .text.Si114xPsAlsForce
                0x00003548        0xa ./Drivers/si114x_functions.o
                0x00003548                Si114xPsAlsForce
 .text.Si114xPsAlsAuto
                0x00003552        0xa ./Drivers/si114x_functions.o
                0x00003552                Si114xPsAlsAuto
 .text.Si114xParamSet
                0x0000355c       0x48 ./Drivers/si114x_functions.o
                0x0000355c                Si114xParamSet
 .text.Si114xPauseAll
                0x000035a4       0x54 ./Drivers/si114x_functions.o
                0x000035a4                Si114xPauseAll
 .text.Si114xReset
                0x000035f8       0x98 ./Drivers/si114x_functions.o
                0x000035f8                Si114xReset
 .text.si114x_get_calibration
                0x00003690      0x204 ./Drivers/si114x_functions.o
                0x00003690                si114x_get_calibration
 .text.si114x_set_ucoef
                0x00003894       0xa4 ./Drivers/si114x_functions.o
                0x00003894                si114x_set_ucoef
 .text.Si7013_Measure
                0x00003938       0x44 ./Drivers/si7013.o
 .text.Si7013_MeasureRHAndTemp
                0x0000397c       0x5c ./Drivers/si7013.o
                0x0000397c                Si7013_MeasureRHAndTemp
 .text.Si7013_Detect
                0x000039d8       0x44 ./Drivers/si7013.o
                0x000039d8                Si7013_Detect
 .text.UDELAY_Calibrate
                0x00003a1c      0x1c0 ./Drivers/udelay.o
                0x00003a1c                UDELAY_Calibrate
 .text.UDELAY_Delay
                0x00003bdc       0x28 ./Drivers/udelay.o
                0x00003bdc                UDELAY_Delay
 .text          0x00003c04       0x60 ./CMSIS/efm32zg/startup_gcc_efm32zg.o
                0x00003c04                Reset_Handler
                0x00003c34                Default_Handler
                0x00003c36                NMI_Handler
                0x00003c38                HardFault_Handler
                0x00003c3a                SVC_Handler
                0x00003c3c                PendSV_Handler
                0x00003c3e                SysTick_Handler
                0x00003c40                DMA_IRQHandler
                0x00003c44                TIMER0_IRQHandler
                0x00003c46                ACMP0_IRQHandler
                0x00003c4a                I2C0_IRQHandler
                0x00003c4e                TIMER1_IRQHandler
                0x00003c50                USART1_RX_IRQHandler
                0x00003c52                USART1_TX_IRQHandler
                0x00003c54                LEUART0_IRQHandler
                0x00003c56                PCNT0_IRQHandler
                0x00003c5a                CMU_IRQHandler
                0x00003c5c                VCMP_IRQHandler
                0x00003c5e                MSC_IRQHandler
                0x00003c60                AES_IRQHandler
 .text.SystemHFClockGet
                0x00003c64       0x98 ./CMSIS/efm32zg/system_efm32zg.o
                0x00003c64                SystemHFClockGet
 .text.SystemCoreClockGet
                0x00003cfc       0x20 ./CMSIS/efm32zg/system_efm32zg.o
                0x00003cfc                SystemCoreClockGet
 .text.SystemInit
                0x00003d1c        0x2 ./CMSIS/efm32zg/system_efm32zg.o
                0x00003d1c                SystemInit
 .text.SystemLFRCOClockGet
                0x00003d1e        0x6 ./CMSIS/efm32zg/system_efm32zg.o
                0x00003d1e                SystemLFRCOClockGet
 .text.SystemULFRCOClockGet
                0x00003d24        0x6 ./CMSIS/efm32zg/system_efm32zg.o
                0x00003d24                SystemULFRCOClockGet
 *fill*         0x00003d2a        0x2 
 .text.SystemLFXOClockGet
                0x00003d2c        0xc ./CMSIS/efm32zg/system_efm32zg.o
                0x00003d2c                SystemLFXOClockGet
 .text          0x00003d38       0x14 c:/siliconlabs/simplicitystudio/v3/developer/toolchains/gnu_arm/4.8_2013q4/bin/../lib/gcc/arm-none-eabi/4.8.3/armv6-m\libgcc.a(_thumb1_case_uqi.o)
                0x00003d38                __gnu_thumb1_case_uqi
 .text          0x00003d4c       0x9c c:/siliconlabs/simplicitystudio/v3/developer/toolchains/gnu_arm/4.8_2013q4/bin/../lib/gcc/arm-none-eabi/4.8.3/armv6-m\libgcc.a(_udivsi3.o)
                0x00003d4c                __aeabi_uidiv
                0x00003d4c                __udivsi3
                0x00003dd4                __aeabi_uidivmod
 .text          0x00003de8       0xc0 c:/siliconlabs/simplicitystudio/v3/developer/toolchains/gnu_arm/4.8_2013q4/bin/../lib/gcc/arm-none-eabi/4.8.3/armv6-m\libgcc.a(_divsi3.o)
                0x00003de8                __divsi3
                0x00003de8                __aeabi_idiv
                0x00003e94                __aeabi_idivmod
 .text          0x00003ea8        0x4 c:/siliconlabs/simplicitystudio/v3/developer/toolchains/gnu_arm/4.8_2013q4/bin/../lib/gcc/arm-none-eabi/4.8.3/armv6-m\libgcc.a(_dvmd_tls.o)
                0x00003ea8                __aeabi_idiv0
                0x00003ea8                __aeabi_ldiv0
 .text          0x00003eac       0x40 c:/siliconlabs/simplicitystudio/v3/developer/toolchains/gnu_arm/4.8_2013q4/bin/../lib/gcc/arm-none-eabi/4.8.3/armv6-m\libgcc.a(_aeabi_uldivmod.o)
                0x00003eac                __aeabi_uldivmod
 .text          0x00003eec       0x44 c:/siliconlabs/simplicitystudio/v3/developer/toolchains/gnu_arm/4.8_2013q4/bin/../lib/gcc/arm-none-eabi/4.8.3/armv6-m\libgcc.a(_muldi3.o)
                0x00003eec                __muldi3
                0x00003eec                __aeabi_lmul
 .text          0x00003f30       0x6c c:/siliconlabs/simplicitystudio/v3/developer/toolchains/gnu_arm/4.8_2013q4/bin/../lib/gcc/arm-none-eabi/4.8.3/armv6-m\libgcc.a(bpabi.o)
                0x00003f30                __gnu_ldivmod_helper
                0x00003f68                __gnu_uldivmod_helper
 .text          0x00003f9c      0x3b0 c:/siliconlabs/simplicitystudio/v3/developer/toolchains/gnu_arm/4.8_2013q4/bin/../lib/gcc/arm-none-eabi/4.8.3/armv6-m\libgcc.a(_divdi3.o)
                0x00003f9c                __divdi3
 .text          0x0000434c      0x380 c:/siliconlabs/simplicitystudio/v3/developer/toolchains/gnu_arm/4.8_2013q4/bin/../lib/gcc/arm-none-eabi/4.8.3/armv6-m\libgcc.a(_udivdi3.o)
                0x0000434c                __udivdi3
 .text          0x000046cc       0x3c c:/siliconlabs/simplicitystudio/v3/developer/toolchains/gnu_arm/4.8_2013q4/bin/../lib/gcc/arm-none-eabi/4.8.3/armv6-m\libgcc.a(_clzsi2.o)
                0x000046cc                __clzsi2
 .text.exit     0x00004708       0x2c c:/siliconlabs/simplicitystudio/v3/developer/toolchains/gnu_arm/4.8_2013q4/bin/../lib/gcc/arm-none-eabi/4.8.3/../../../../arm-none-eabi/lib/armv6-m\libc_s.a(lib_a-exit.o)
                0x00004708                exit
 .text.__libc_init_array
                0x00004734       0x4c c:/siliconlabs/simplicitystudio/v3/developer/toolchains/gnu_arm/4.8_2013q4/bin/../lib/gcc/arm-none-eabi/4.8.3/../../../../arm-none-eabi/lib/armv6-m\libc_s.a(lib_a-init.o)
                0x00004734                __libc_init_array
 .text.memcpy   0x00004780       0x12 c:/siliconlabs/simplicitystudio/v3/developer/toolchains/gnu_arm/4.8_2013q4/bin/../lib/gcc/arm-none-eabi/4.8.3/../../../../arm-none-eabi/lib/armv6-m\libc_s.a(lib_a-memcpy-stub.o)
                0x00004780                memcpy
 .text.memset   0x00004792       0x10 c:/siliconlabs/simplicitystudio/v3/developer/toolchains/gnu_arm/4.8_2013q4/bin/../lib/gcc/arm-none-eabi/4.8.3/../../../../arm-none-eabi/lib/armv6-m\libc_s.a(lib_a-memset.o)
                0x00004792                memset
 .text.strlen   0x000047a2        0xe c:/siliconlabs/simplicitystudio/v3/developer/toolchains/gnu_arm/4.8_2013q4/bin/../lib/gcc/arm-none-eabi/4.8.3/../../../../arm-none-eabi/lib/armv6-m\libc_s.a(lib_a-strlen.o)
                0x000047a2                strlen
 .text._exit    0x000047b0        0x4 c:/siliconlabs/simplicitystudio/v3/developer/toolchains/gnu_arm/4.8_2013q4/bin/../lib/gcc/arm-none-eabi/4.8.3/../../../../arm-none-eabi/lib/armv6-m\libnosys.a(_exit.o)
                0x000047b0                _exit
 *(.init)
 .init          0x000047b4        0x4 c:/siliconlabs/simplicitystudio/v3/developer/toolchains/gnu_arm/4.8_2013q4/bin/../lib/gcc/arm-none-eabi/4.8.3/armv6-m/crti.o
                0x000047b4                _init
 .init          0x000047b8        0x8 c:/siliconlabs/simplicitystudio/v3/developer/toolchains/gnu_arm/4.8_2013q4/bin/../lib/gcc/arm-none-eabi/4.8.3/armv6-m/crtn.o
 *(.fini)
 .fini          0x000047c0        0x4 c:/siliconlabs/simplicitystudio/v3/developer/toolchains/gnu_arm/4.8_2013q4/bin/../lib/gcc/arm-none-eabi/4.8.3/armv6-m/crti.o
                0x000047c0                _fini
 .fini          0x000047c4        0x8 c:/siliconlabs/simplicitystudio/v3/developer/toolchains/gnu_arm/4.8_2013q4/bin/../lib/gcc/arm-none-eabi/4.8.3/armv6-m/crtn.o
 *crtbegin.o(.ctors)
 *crtbegin?.o(.ctors)
 *(EXCLUDE_FILE(*crtend.o *crtend?.o) .ctors)
 *(SORT(.ctors.*))
 *(.ctors)
 *crtbegin.o(.dtors)
 *crtbegin?.o(.dtors)
 *(EXCLUDE_FILE(*crtend.o *crtend?.o) .dtors)
 *(SORT(.dtors.*))
 *(.dtors)
 *(.rodata*)
 .rodata.background
                0x000047cc     0x1800 ./src/background.o
                0x000047cc                background
 .rodata.str1.1
                0x00005fcc       0xe2 ./src/graphics.o
 .rodata.sinLUT
                0x000060ae       0x32 ./src/graphics.o
 .rodata        0x000060e0       0x18 ./src/weatherstation.o
 .rodata.i2cNSum
                0x000060f8        0x4 ./emlib/em_i2c.o
 .rodata.GLIB_FontNormal8x8
                0x000060fc       0x10 ./Graphics/glib_font_normal_8x8.o
                0x000060fc                GLIB_FontNormal8x8
 .rodata.GLIB_FontNormal8x8PixMap
                0x0000610c      0x320 ./Graphics/glib_font_normal_8x8.o
 .rodata.str1.1
                0x0000642c       0x15 ./Drivers/displayls013b7dh03.o
 *fill*         0x00006441        0x3 
 .rodata        0x00006444       0x18 ./Drivers/displaypalemlib.o
 .rodata.initRTC
                0x0000645c        0x3 ./Drivers/rtcdriver.o
 .rodata        0x0000645f        0x3 ./Drivers/udelay.o
 .rodata.str1.1
                0x00006462        0x2 c:/siliconlabs/simplicitystudio/v3/developer/toolchains/gnu_arm/4.8_2013q4/bin/../lib/gcc/arm-none-eabi/4.8.3/../../../../arm-none-eabi/lib/armv6-m\libc_s.a(lib_a-impure.o)
 .rodata._global_impure_ptr
                0x00006464        0x4 c:/siliconlabs/simplicitystudio/v3/developer/toolchains/gnu_arm/4.8_2013q4/bin/../lib/gcc/arm-none-eabi/4.8.3/../../../../arm-none-eabi/lib/armv6-m\libc_s.a(lib_a-impure.o)
                0x00006464                _global_impure_ptr
 *(.eh_frame*)
 .eh_frame      0x00006468        0x0 c:/siliconlabs/simplicitystudio/v3/developer/toolchains/gnu_arm/4.8_2013q4/bin/../lib/gcc/arm-none-eabi/4.8.3/armv6-m/crtbegin.o
 .eh_frame      0x00006468        0x4 c:/siliconlabs/simplicitystudio/v3/developer/toolchains/gnu_arm/4.8_2013q4/bin/../lib/gcc/arm-none-eabi/4.8.3/armv6-m/crtend.o

.glue_7         0x0000646c        0x0
 .glue_7        0x00000000        0x0 linker stubs

.glue_7t        0x0000646c        0x0
 .glue_7t       0x00000000        0x0 linker stubs

.vfp11_veneer   0x0000646c        0x0
 .vfp11_veneer  0x00000000        0x0 linker stubs

.v4_bx          0x0000646c        0x0
 .v4_bx         0x00000000        0x0 linker stubs

.iplt           0x0000646c        0x0
 .iplt          0x00000000        0x0 c:/siliconlabs/simplicitystudio/v3/developer/toolchains/gnu_arm/4.8_2013q4/bin/../lib/gcc/arm-none-eabi/4.8.3/armv6-m/crtbegin.o

.ARM.extab
 *(.ARM.extab* .gnu.linkonce.armextab.*)
                0x0000646c                __exidx_start = .

.ARM.exidx      0x0000646c        0x8
 *(.ARM.exidx* .gnu.linkonce.armexidx.*)
 .ARM.exidx     0x0000646c        0x8 c:/siliconlabs/simplicitystudio/v3/developer/toolchains/gnu_arm/4.8_2013q4/bin/../lib/gcc/arm-none-eabi/4.8.3/../../../../arm-none-eabi/lib/armv6-m/crt0.o
 .ARM.exidx     0x00006474        0x0 c:/siliconlabs/simplicitystudio/v3/developer/toolchains/gnu_arm/4.8_2013q4/bin/../lib/gcc/arm-none-eabi/4.8.3/armv6-m\libgcc.a(_divdi3.o)
                                  0x8 (size before relaxing)
 .ARM.exidx     0x00006474        0x0 c:/siliconlabs/simplicitystudio/v3/developer/toolchains/gnu_arm/4.8_2013q4/bin/../lib/gcc/arm-none-eabi/4.8.3/armv6-m\libgcc.a(_udivdi3.o)
                                  0x8 (size before relaxing)
                0x00006474                __exidx_end = .
                0x00006474                __etext = .

.rel.dyn        0x00006474        0x0
 .rel.iplt      0x00000000        0x0 c:/siliconlabs/simplicitystudio/v3/developer/toolchains/gnu_arm/4.8_2013q4/bin/../lib/gcc/arm-none-eabi/4.8.3/armv6-m/crtbegin.o

.data           0x20000000       0xc8 load address 0x00006474
                0x20000000                __data_start__ = .
 *(vtable)
 *(.data*)
 .data.pb0Action
                0x20000000        0x4 ./src/weatherstation.o
 .data.updateMeasurement
                0x20000004        0x1 ./src/weatherstation.o
 .data.updateDisplay
                0x20000005        0x1 ./src/weatherstation.o
 *fill*         0x20000006        0x2 
 .data.pDisplayDeviceDriverInitFunctions
                0x20000008        0x8 ./Drivers/display.o
 .data.pixelMatrixPool
                0x20000010        0x4 ./Drivers/displayls013b7dh03.o
 .data.calref   0x20000014       0x40 ./Drivers/si114x_functions.o
                0x20000014                calref
 .data.loops_per_jiffy
                0x20000054        0x4 ./Drivers/udelay.o
                0x20000054                loops_per_jiffy
 .data.SystemLFXOClock
                0x20000058        0x4 ./CMSIS/efm32zg/system_efm32zg.o
 .data.SystemHFXOClock
                0x2000005c        0x4 ./CMSIS/efm32zg/system_efm32zg.o
 .data.impure_data
                0x20000060       0x60 c:/siliconlabs/simplicitystudio/v3/developer/toolchains/gnu_arm/4.8_2013q4/bin/../lib/gcc/arm-none-eabi/4.8.3/../../../../arm-none-eabi/lib/armv6-m\libc_s.a(lib_a-impure.o)
                0x200000c0                . = ALIGN (0x4)
 *(.ram)
                0x200000c0                . = ALIGN (0x4)
                0x200000c0                PROVIDE (__preinit_array_start, .)
 *(.preinit_array)
                0x200000c0                PROVIDE (__preinit_array_end, .)
                0x200000c0                . = ALIGN (0x4)
                0x200000c0                PROVIDE (__init_array_start, .)
 *(SORT(.init_array.*))
 *(.init_array)
 .init_array    0x200000c0        0x4 c:/siliconlabs/simplicitystudio/v3/developer/toolchains/gnu_arm/4.8_2013q4/bin/../lib/gcc/arm-none-eabi/4.8.3/armv6-m/crtbegin.o
                0x200000c4                PROVIDE (__init_array_end, .)
                0x200000c4                . = ALIGN (0x4)
                0x200000c4                PROVIDE (__fini_array_start, .)
 *(SORT(.fini_array.*))
 *(.fini_array)
 .fini_array    0x200000c4        0x4 c:/siliconlabs/simplicitystudio/v3/developer/toolchains/gnu_arm/4.8_2013q4/bin/../lib/gcc/arm-none-eabi/4.8.3/armv6-m/crtbegin.o
                0x200000c8                PROVIDE (__fini_array_end, .)
                0x200000c8                . = ALIGN (0x4)
                0x200000c8                __data_end__ = .

.jcr            0x200000c8        0x0 load address 0x0000653c
 .jcr           0x200000c8        0x0 c:/siliconlabs/simplicitystudio/v3/developer/toolchains/gnu_arm/4.8_2013q4/bin/../lib/gcc/arm-none-eabi/4.8.3/armv6-m/crtbegin.o

.igot.plt       0x200000c8        0x0 load address 0x0000653c
 .igot.plt      0x00000000        0x0 c:/siliconlabs/simplicitystudio/v3/developer/toolchains/gnu_arm/4.8_2013q4/bin/../lib/gcc/arm-none-eabi/4.8.3/armv6-m/crtbegin.o

.bss            0x200000c8      0x9f0 load address 0x00006540
                0x200000c8                __bss_start__ = .
 *(.bss*)
 .bss           0x200000c8       0x1c c:/siliconlabs/simplicitystudio/v3/developer/toolchains/gnu_arm/4.8_2013q4/bin/../lib/gcc/arm-none-eabi/4.8.3/armv6-m/crtbegin.o
 .bss.glibContext
                0x200000e4       0x2c ./src/graphics.o
 .bss.processGestures
                0x20000110        0x1 ./src/weatherstation.o
 .bss.demoMode  0x20000111        0x1 ./src/weatherstation.o
 *fill*         0x20000112        0x2 
 .bss.xoffset   0x20000114        0x4 ./src/weatherstation.o
 .bss.rtcCallbackArg
                0x20000118        0x4 ./src/weatherstation.o
 .bss.adcConversionComplete
                0x2000011c        0x1 ./src/weatherstation.o
 *fill*         0x2000011d        0x3 
 .bss.yoffset   0x20000120        0x4 ./src/weatherstation.o
 .bss.startDemo
                0x20000124        0x1 ./src/weatherstation.o
 *fill*         0x20000125        0x3 
 .bss.xinc      0x20000128        0x4 ./src/weatherstation.o
 .bss.yinc      0x2000012c        0x4 ./src/weatherstation.o
 .bss.rtcCallback
                0x20000130        0x4 ./src/weatherstation.o
 .bss.cmuStatus
                0x20000134        0x4 ./emlib/em_emu.o
 .bss.i2cTransfer
                0x20000138        0xc ./emlib/em_i2c.o
 .bss.INT_LockCnt
                0x20000144        0x4 ./emlib/em_int.o
                0x20000144                INT_LockCnt
 .bss.pixelMatrixBuffer
                0x20000148        0x4 ./Graphics/dmd_display.o
 .bss.displayDevice
                0x2000014c       0x2c ./Graphics/dmd_display.o
 .bss.dimensions
                0x20000178        0xc ./Graphics/dmd_display.o
 .bss.moduleInitialized
                0x20000184        0x1 ./Graphics/dmd_display.o
 *fill*         0x20000185        0x3 
 .bss.devicesRegistered
                0x20000188        0x4 ./Drivers/display.o
 .bss.deviceTable
                0x2000018c       0x2c ./Drivers/display.o
 .bss.moduleInitialized
                0x200001b8        0x1 ./Drivers/display.o
 .bss.pixelMatrixPoolBase
                0x200001b9      0x800 ./Drivers/displayls013b7dh03.o
 .bss.rtcRunning
                0x200009b9        0x1 ./Drivers/rtcdriver.o
 .bss.rtcdrvIsInitialized
                0x200009ba        0x1 ./Drivers/rtcdriver.o
 .bss.inTimerIRQ
                0x200009bb        0x1 ./Drivers/rtcdriver.o
 *fill*         0x200009bc        0x4 
 .bss.timer     0x200009c0       0xa0 ./Drivers/rtcdriver.o
 .bss.startTimerNestingLevel
                0x20000a60        0x4 ./Drivers/rtcdriver.o
 .bss.lastStart
                0x20000a64        0x4 ./Drivers/rtcdriver.o
 .bss.ps_entry_time.7353
                0x20000a68        0xc ./Drivers/si114x_algorithm.o
 .bss.ps_state.7355
                0x20000a74        0x3 ./Drivers/si114x_algorithm.o
 *fill*         0x20000a77        0x1 
 .bss.si114x_i2c
                0x20000a78        0x8 ./Drivers/si114x_algorithm.o
 .bss.ps_exit_time.7354
                0x20000a80        0xc ./Drivers/si114x_algorithm.o
 *(COMMON)
 COMMON         0x20000a8c       0x18 ./src/weatherstation.o
                0x20000a8c                gestureTimeoutTimerId
                0x20000a90                gameTimerId
                0x20000a94                periodicUpdateTimerId
                0x20000a98                msTicks
                0x20000a9c                animationTimerId
                0x20000aa0                millisecondsTimerId
 COMMON         0x20000aa4       0x10 ./Graphics/dmd_display.o
                0x20000aa4                dirtyRows
 COMMON         0x20000ab4        0x4 ./CMSIS/efm32zg/system_efm32zg.o
                0x20000ab4                SystemCoreClock
                0x20000ab8                __bss_end__ = .

.heap           0x20000ab8        0x0
                0x20000ab8                __end__ = .
                0x20000ab8                end = __end__
                0x20000ab8                _end = __end__
 *(.heap*)
 .heap          0x20000ab8        0x0 ./CMSIS/efm32zg/startup_gcc_efm32zg.o
                0x20000ab8                __HeapLimit = .

.stack_dummy    0x20000ab8      0x400
 *(.stack)
 .stack         0x20000ab8      0x400 ./CMSIS/efm32zg/startup_gcc_efm32zg.o
                0x20001000                __StackTop = (ORIGIN (RAM) + 0x1000)
                0x20000c00                __StackLimit = (__StackTop - SIZEOF (.stack_dummy))
                0x20001000                PROVIDE (__stack, __StackTop)
                0x00000001                ASSERT ((__StackLimit >= __HeapLimit), region RAM overflowed with stack)
                0x00000001                ASSERT ((0x8000 >= (__etext + SIZEOF (.data))), FLASH memory overflowed !)
OUTPUT(WeatherButts.axf elf32-littlearm)

.ARM.attributes
                0x00000000       0x28
 .ARM.attributes
                0x00000000       0x1e c:/siliconlabs/simplicitystudio/v3/developer/toolchains/gnu_arm/4.8_2013q4/bin/../lib/gcc/arm-none-eabi/4.8.3/armv6-m/crti.o
 .ARM.attributes
                0x0000001e       0x2c c:/siliconlabs/simplicitystudio/v3/developer/toolchains/gnu_arm/4.8_2013q4/bin/../lib/gcc/arm-none-eabi/4.8.3/armv6-m/crtbegin.o
 .ARM.attributes
                0x0000004a       0x1b c:/siliconlabs/simplicitystudio/v3/developer/toolchains/gnu_arm/4.8_2013q4/bin/../lib/gcc/arm-none-eabi/4.8.3/../../../../arm-none-eabi/lib/armv6-m/crt0.o
 .ARM.attributes
                0x00000065       0x32 ./src/background.o
 .ARM.attributes
                0x00000097       0x32 ./src/graphics.o
 .ARM.attributes
                0x000000c9       0x32 ./src/weatherstation.o
 .ARM.attributes
                0x000000fb       0x32 ./emlib/em_adc.o
 .ARM.attributes
                0x0000012d       0x32 ./emlib/em_cmu.o
 .ARM.attributes
                0x0000015f       0x32 ./emlib/em_emu.o
 .ARM.attributes
                0x00000191       0x32 ./emlib/em_gpio.o
 .ARM.attributes
                0x000001c3       0x32 ./emlib/em_i2c.o
 .ARM.attributes
                0x000001f5       0x32 ./emlib/em_int.o
 .ARM.attributes
                0x00000227       0x32 ./emlib/em_rtc.o
 .ARM.attributes
                0x00000259       0x32 ./emlib/em_usart.o
 .ARM.attributes
                0x0000028b       0x32 ./Graphics/dmd_display.o
 .ARM.attributes
                0x000002bd       0x32 ./Graphics/glib.o
 .ARM.attributes
                0x000002ef       0x32 ./Graphics/glib_font_normal_8x8.o
 .ARM.attributes
                0x00000321       0x32 ./Graphics/glib_line.o
 .ARM.attributes
                0x00000353       0x32 ./Graphics/glib_rectangle.o
 .ARM.attributes
                0x00000385       0x32 ./Graphics/glib_string.o
 .ARM.attributes
                0x000003b7       0x32 ./Drivers/display.o
 .ARM.attributes
                0x000003e9       0x32 ./Drivers/displayls013b7dh03.o
 .ARM.attributes
                0x0000041b       0x32 ./Drivers/displaypalemlib.o
 .ARM.attributes
                0x0000044d       0x32 ./Drivers/i2cspm.o
 .ARM.attributes
                0x0000047f       0x32 ./Drivers/rtcdriver.o
 .ARM.attributes
                0x000004b1       0x32 ./Drivers/si1147_i2c.o
 .ARM.attributes
                0x000004e3       0x32 ./Drivers/si114x_algorithm.o
 .ARM.attributes
                0x00000515       0x32 ./Drivers/si114x_functions.o
 .ARM.attributes
                0x00000547       0x32 ./Drivers/si7013.o
 .ARM.attributes
                0x00000579       0x2b ./Drivers/udelay.o
 .ARM.attributes
                0x000005a4       0x1b ./CMSIS/efm32zg/startup_gcc_efm32zg.o
 .ARM.attributes
                0x000005bf       0x32 ./CMSIS/efm32zg/system_efm32zg.o
 .ARM.attributes
                0x000005f1       0x1e c:/siliconlabs/simplicitystudio/v3/developer/toolchains/gnu_arm/4.8_2013q4/bin/../lib/gcc/arm-none-eabi/4.8.3/armv6-m\libgcc.a(_thumb1_case_uqi.o)
 .ARM.attributes
                0x0000060f       0x1e c:/siliconlabs/simplicitystudio/v3/developer/toolchains/gnu_arm/4.8_2013q4/bin/../lib/gcc/arm-none-eabi/4.8.3/armv6-m\libgcc.a(_udivsi3.o)
 .ARM.attributes
                0x0000062d       0x1e c:/siliconlabs/simplicitystudio/v3/developer/toolchains/gnu_arm/4.8_2013q4/bin/../lib/gcc/arm-none-eabi/4.8.3/armv6-m\libgcc.a(_divsi3.o)
 .ARM.attributes
                0x0000064b       0x1e c:/siliconlabs/simplicitystudio/v3/developer/toolchains/gnu_arm/4.8_2013q4/bin/../lib/gcc/arm-none-eabi/4.8.3/armv6-m\libgcc.a(_dvmd_tls.o)
 .ARM.attributes
                0x00000669       0x1e c:/siliconlabs/simplicitystudio/v3/developer/toolchains/gnu_arm/4.8_2013q4/bin/../lib/gcc/arm-none-eabi/4.8.3/armv6-m\libgcc.a(_aeabi_uldivmod.o)
 .ARM.attributes
                0x00000687       0x2c c:/siliconlabs/simplicitystudio/v3/developer/toolchains/gnu_arm/4.8_2013q4/bin/../lib/gcc/arm-none-eabi/4.8.3/armv6-m\libgcc.a(_muldi3.o)
 .ARM.attributes
                0x000006b3       0x2c c:/siliconlabs/simplicitystudio/v3/developer/toolchains/gnu_arm/4.8_2013q4/bin/../lib/gcc/arm-none-eabi/4.8.3/armv6-m\libgcc.a(bpabi.o)
 .ARM.attributes
                0x000006df       0x2c c:/siliconlabs/simplicitystudio/v3/developer/toolchains/gnu_arm/4.8_2013q4/bin/../lib/gcc/arm-none-eabi/4.8.3/armv6-m\libgcc.a(_divdi3.o)
 .ARM.attributes
                0x0000070b       0x2c c:/siliconlabs/simplicitystudio/v3/developer/toolchains/gnu_arm/4.8_2013q4/bin/../lib/gcc/arm-none-eabi/4.8.3/armv6-m\libgcc.a(_udivdi3.o)
 .ARM.attributes
                0x00000737       0x1e c:/siliconlabs/simplicitystudio/v3/developer/toolchains/gnu_arm/4.8_2013q4/bin/../lib/gcc/arm-none-eabi/4.8.3/armv6-m\libgcc.a(_clzsi2.o)
 .ARM.attributes
                0x00000755       0x2c c:/siliconlabs/simplicitystudio/v3/developer/toolchains/gnu_arm/4.8_2013q4/bin/../lib/gcc/arm-none-eabi/4.8.3/../../../../arm-none-eabi/lib/armv6-m\libc_s.a(lib_a-exit.o)
 .ARM.attributes
                0x00000781       0x2c c:/siliconlabs/simplicitystudio/v3/developer/toolchains/gnu_arm/4.8_2013q4/bin/../lib/gcc/arm-none-eabi/4.8.3/../../../../arm-none-eabi/lib/armv6-m\libc_s.a(lib_a-impure.o)
 .ARM.attributes
                0x000007ad       0x2c c:/siliconlabs/simplicitystudio/v3/developer/toolchains/gnu_arm/4.8_2013q4/bin/../lib/gcc/arm-none-eabi/4.8.3/../../../../arm-none-eabi/lib/armv6-m\libc_s.a(lib_a-init.o)
 .ARM.attributes
                0x000007d9       0x2c c:/siliconlabs/simplicitystudio/v3/developer/toolchains/gnu_arm/4.8_2013q4/bin/../lib/gcc/arm-none-eabi/4.8.3/../../../../arm-none-eabi/lib/armv6-m\libc_s.a(lib_a-memcpy-stub.o)
 .ARM.attributes
                0x00000805       0x2c c:/siliconlabs/simplicitystudio/v3/developer/toolchains/gnu_arm/4.8_2013q4/bin/../lib/gcc/arm-none-eabi/4.8.3/../../../../arm-none-eabi/lib/armv6-m\libc_s.a(lib_a-memset.o)
 .ARM.attributes
                0x00000831       0x2c c:/siliconlabs/simplicitystudio/v3/developer/toolchains/gnu_arm/4.8_2013q4/bin/../lib/gcc/arm-none-eabi/4.8.3/../../../../arm-none-eabi/lib/armv6-m\libc_s.a(lib_a-strlen.o)
 .ARM.attributes
                0x0000085d       0x2c c:/siliconlabs/simplicitystudio/v3/developer/toolchains/gnu_arm/4.8_2013q4/bin/../lib/gcc/arm-none-eabi/4.8.3/../../../../arm-none-eabi/lib/armv6-m\libnosys.a(_exit.o)
 .ARM.attributes
                0x00000889       0x2c c:/siliconlabs/simplicitystudio/v3/developer/toolchains/gnu_arm/4.8_2013q4/bin/../lib/gcc/arm-none-eabi/4.8.3/armv6-m/crtend.o
 .ARM.attributes
                0x000008b5       0x1e c:/siliconlabs/simplicitystudio/v3/developer/toolchains/gnu_arm/4.8_2013q4/bin/../lib/gcc/arm-none-eabi/4.8.3/armv6-m/crtn.o

.comment        0x00000000       0x70
 .comment       0x00000000       0x70 ./src/background.o
                                 0x71 (size before relaxing)
 .comment       0x00000000       0x71 ./src/graphics.o
 .comment       0x00000000       0x71 ./src/weatherstation.o
 .comment       0x00000000       0x71 ./emlib/em_adc.o
 .comment       0x00000000       0x71 ./emlib/em_cmu.o
 .comment       0x00000000       0x71 ./emlib/em_emu.o
 .comment       0x00000000       0x71 ./emlib/em_gpio.o
 .comment       0x00000000       0x71 ./emlib/em_i2c.o
 .comment       0x00000000       0x71 ./emlib/em_int.o
 .comment       0x00000000       0x71 ./emlib/em_rtc.o
 .comment       0x00000000       0x71 ./emlib/em_usart.o
 .comment       0x00000000       0x71 ./Graphics/dmd_display.o
 .comment       0x00000000       0x71 ./Graphics/glib.o
 .comment       0x00000000       0x71 ./Graphics/glib_font_normal_8x8.o
 .comment       0x00000000       0x71 ./Graphics/glib_line.o
 .comment       0x00000000       0x71 ./Graphics/glib_rectangle.o
 .comment       0x00000000       0x71 ./Graphics/glib_string.o
 .comment       0x00000000       0x71 ./Drivers/display.o
 .comment       0x00000000       0x71 ./Drivers/displayls013b7dh03.o
 .comment       0x00000000       0x71 ./Drivers/displaypalemlib.o
 .comment       0x00000000       0x71 ./Drivers/i2cspm.o
 .comment       0x00000000       0x71 ./Drivers/rtcdriver.o
 .comment       0x00000000       0x71 ./Drivers/si1147_i2c.o
 .comment       0x00000000       0x71 ./Drivers/si114x_algorithm.o
 .comment       0x00000000       0x71 ./Drivers/si114x_functions.o
 .comment       0x00000000       0x71 ./Drivers/si7013.o
 .comment       0x00000000       0x71 ./Drivers/udelay.o
 .comment       0x00000000       0x71 ./CMSIS/efm32zg/system_efm32zg.o

.debug_info     0x00000000    0x119e0
 .debug_info    0x00000000       0x9e ./src/background.o
 .debug_info    0x0000009e      0xcaf ./src/graphics.o
 .debug_info    0x00000d4d     0x2134 ./src/weatherstation.o
 .debug_info    0x00002e81      0xa76 ./emlib/em_adc.o
 .debug_info    0x000038f7     0x1454 ./emlib/em_cmu.o
 .debug_info    0x00004d4b      0x64c ./emlib/em_emu.o
 .debug_info    0x00005397      0x572 ./emlib/em_gpio.o
 .debug_info    0x00005909      0x869 ./emlib/em_i2c.o
 .debug_info    0x00006172       0xa4 ./emlib/em_int.o
 .debug_info    0x00006216      0x366 ./emlib/em_rtc.o
 .debug_info    0x0000657c      0xe8b ./emlib/em_usart.o
 .debug_info    0x00007407      0xb32 ./Graphics/dmd_display.o
 .debug_info    0x00007f39      0xaab ./Graphics/glib.o
 .debug_info    0x000089e4      0x188 ./Graphics/glib_font_normal_8x8.o
 .debug_info    0x00008b6c      0x80b ./Graphics/glib_line.o
 .debug_info    0x00009377      0x61e ./Graphics/glib_rectangle.o
 .debug_info    0x00009995      0x613 ./Graphics/glib_string.o
 .debug_info    0x00009fa8      0x4bc ./Drivers/display.o
 .debug_info    0x0000a464      0xafe ./Drivers/displayls013b7dh03.o
 .debug_info    0x0000af62      0xd74 ./Drivers/displaypalemlib.o
 .debug_info    0x0000bcd6      0x954 ./Drivers/i2cspm.o
 .debug_info    0x0000c62a     0x115e ./Drivers/rtcdriver.o
 .debug_info    0x0000d788      0x7d0 ./Drivers/si1147_i2c.o
 .debug_info    0x0000df58      0xbe4 ./Drivers/si114x_algorithm.o
 .debug_info    0x0000eb3c     0x1750 ./Drivers/si114x_functions.o
 .debug_info    0x0001028c      0x569 ./Drivers/si7013.o
 .debug_info    0x000107f5      0xd22 ./Drivers/udelay.o
 .debug_info    0x00011517       0xa3 ./CMSIS/efm32zg/startup_gcc_efm32zg.o
 .debug_info    0x000115ba      0x426 ./CMSIS/efm32zg/system_efm32zg.o

.debug_abbrev   0x00000000     0x3f4f
 .debug_abbrev  0x00000000       0x5d ./src/background.o
 .debug_abbrev  0x0000005d      0x29f ./src/graphics.o
 .debug_abbrev  0x000002fc      0x499 ./src/weatherstation.o
 .debug_abbrev  0x00000795      0x253 ./emlib/em_adc.o
 .debug_abbrev  0x000009e8      0x3d9 ./emlib/em_cmu.o
 .debug_abbrev  0x00000dc1      0x22a ./emlib/em_emu.o
 .debug_abbrev  0x00000feb      0x1e4 ./emlib/em_gpio.o
 .debug_abbrev  0x000011cf      0x2d2 ./emlib/em_i2c.o
 .debug_abbrev  0x000014a1       0x44 ./emlib/em_int.o
 .debug_abbrev  0x000014e5      0x1eb ./emlib/em_rtc.o
 .debug_abbrev  0x000016d0      0x24a ./emlib/em_usart.o
 .debug_abbrev  0x0000191a      0x252 ./Graphics/dmd_display.o
 .debug_abbrev  0x00001b6c      0x272 ./Graphics/glib.o
 .debug_abbrev  0x00001dde       0xa9 ./Graphics/glib_font_normal_8x8.o
 .debug_abbrev  0x00001e87      0x243 ./Graphics/glib_line.o
 .debug_abbrev  0x000020ca      0x196 ./Graphics/glib_rectangle.o
 .debug_abbrev  0x00002260      0x141 ./Graphics/glib_string.o
 .debug_abbrev  0x000023a1      0x15a ./Drivers/display.o
 .debug_abbrev  0x000024fb      0x29b ./Drivers/displayls013b7dh03.o
 .debug_abbrev  0x00002796      0x2a7 ./Drivers/displaypalemlib.o
 .debug_abbrev  0x00002a3d      0x22e ./Drivers/i2cspm.o
 .debug_abbrev  0x00002c6b      0x425 ./Drivers/rtcdriver.o
 .debug_abbrev  0x00003090      0x1f0 ./Drivers/si1147_i2c.o
 .debug_abbrev  0x00003280      0x2bc ./Drivers/si114x_algorithm.o
 .debug_abbrev  0x0000353c      0x3c6 ./Drivers/si114x_functions.o
 .debug_abbrev  0x00003902      0x19c ./Drivers/si7013.o
 .debug_abbrev  0x00003a9e      0x2fa ./Drivers/udelay.o
 .debug_abbrev  0x00003d98       0x14 ./CMSIS/efm32zg/startup_gcc_efm32zg.o
 .debug_abbrev  0x00003dac      0x1a3 ./CMSIS/efm32zg/system_efm32zg.o

.debug_aranges  0x00000000      0x9d8
 .debug_aranges
                0x00000000       0x18 ./src/background.o
 .debug_aranges
                0x00000018       0x38 ./src/graphics.o
 .debug_aranges
                0x00000050       0x80 ./src/weatherstation.o
 .debug_aranges
                0x000000d0       0x48 ./emlib/em_adc.o
 .debug_aranges
                0x00000118       0xe8 ./emlib/em_cmu.o
 .debug_aranges
                0x00000200       0x50 ./emlib/em_emu.o
 .debug_aranges
                0x00000250       0x38 ./emlib/em_gpio.o
 .debug_aranges
                0x00000288       0x50 ./emlib/em_i2c.o
 .debug_aranges
                0x000002d8       0x18 ./emlib/em_int.o
 .debug_aranges
                0x000002f0       0x50 ./emlib/em_rtc.o
 .debug_aranges
                0x00000340       0xb8 ./emlib/em_usart.o
 .debug_aranges
                0x000003f8       0x88 ./Graphics/dmd_display.o
 .debug_aranges
                0x00000480       0x78 ./Graphics/glib.o
 .debug_aranges
                0x000004f8       0x18 ./Graphics/glib_font_normal_8x8.o
 .debug_aranges
                0x00000510       0x38 ./Graphics/glib_line.o
 .debug_aranges
                0x00000548       0x38 ./Graphics/glib_rectangle.o
 .debug_aranges
                0x00000580       0x30 ./Graphics/glib_string.o
 .debug_aranges
                0x000005b0       0x38 ./Drivers/display.o
 .debug_aranges
                0x000005e8       0x60 ./Drivers/displayls013b7dh03.o
 .debug_aranges
                0x00000648       0x80 ./Drivers/displaypalemlib.o
 .debug_aranges
                0x000006c8       0x28 ./Drivers/i2cspm.o
 .debug_aranges
                0x000006f0       0x98 ./Drivers/rtcdriver.o
 .debug_aranges
                0x00000788       0x60 ./Drivers/si1147_i2c.o
 .debug_aranges
                0x000007e8       0x48 ./Drivers/si114x_algorithm.o
 .debug_aranges
                0x00000830       0xc8 ./Drivers/si114x_functions.o
 .debug_aranges
                0x000008f8       0x38 ./Drivers/si7013.o
 .debug_aranges
                0x00000930       0x28 ./Drivers/udelay.o
 .debug_aranges
                0x00000958       0x20 ./CMSIS/efm32zg/startup_gcc_efm32zg.o
 .debug_aranges
                0x00000978       0x60 ./CMSIS/efm32zg/system_efm32zg.o

.debug_line     0x00000000     0x5b4e
 .debug_line    0x00000000       0xa1 ./src/background.o
 .debug_line    0x000000a1      0x400 ./src/graphics.o
 .debug_line    0x000004a1      0x745 ./src/weatherstation.o
 .debug_line    0x00000be6      0x2d5 ./emlib/em_adc.o
 .debug_line    0x00000ebb      0x67b ./emlib/em_cmu.o
 .debug_line    0x00001536      0x35a ./emlib/em_emu.o
 .debug_line    0x00001890      0x21b ./emlib/em_gpio.o
 .debug_line    0x00001aab      0x322 ./emlib/em_i2c.o
 .debug_line    0x00001dcd       0x9f ./emlib/em_int.o
 .debug_line    0x00001e6c      0x232 ./emlib/em_rtc.o
 .debug_line    0x0000209e      0x3e3 ./emlib/em_usart.o
 .debug_line    0x00002481      0x4c3 ./Graphics/dmd_display.o
 .debug_line    0x00002944      0x313 ./Graphics/glib.o
 .debug_line    0x00002c57      0x107 ./Graphics/glib_font_normal_8x8.o
 .debug_line    0x00002d5e      0x2f6 ./Graphics/glib_line.o
 .debug_line    0x00003054      0x237 ./Graphics/glib_rectangle.o
 .debug_line    0x0000328b      0x2fc ./Graphics/glib_string.o
 .debug_line    0x00003587      0x252 ./Drivers/display.o
 .debug_line    0x000037d9      0x33d ./Drivers/displayls013b7dh03.o
 .debug_line    0x00003b16      0x43b ./Drivers/displaypalemlib.o
 .debug_line    0x00003f51      0x268 ./Drivers/i2cspm.o
 .debug_line    0x000041b9      0x751 ./Drivers/rtcdriver.o
 .debug_line    0x0000490a      0x37b ./Drivers/si1147_i2c.o
 .debug_line    0x00004c85      0x31b ./Drivers/si114x_algorithm.o
 .debug_line    0x00004fa0      0x3dc ./Drivers/si114x_functions.o
 .debug_line    0x0000537c      0x252 ./Drivers/si7013.o
 .debug_line    0x000055ce      0x30d ./Drivers/udelay.o
 .debug_line    0x000058db       0x85 ./CMSIS/efm32zg/startup_gcc_efm32zg.o
 .debug_line    0x00005960      0x1ee ./CMSIS/efm32zg/system_efm32zg.o

.debug_str      0x00000000     0x40a3
 .debug_str     0x00000000      0x1a9 ./src/background.o
                                0x1dd (size before relaxing)
 .debug_str     0x000001a9      0x3ac ./src/graphics.o
                                0x5fe (size before relaxing)
 .debug_str     0x00000555     0x114f ./src/weatherstation.o
                               0x15ed (size before relaxing)
 .debug_str     0x000016a4      0x123 ./emlib/em_adc.o
                                0xa3a (size before relaxing)
 .debug_str     0x000017c7      0x6e1 ./emlib/em_cmu.o
                                0xb40 (size before relaxing)
 .debug_str     0x00001ea8      0x100 ./emlib/em_emu.o
                                0x467 (size before relaxing)
 .debug_str     0x00001fa8       0xbd ./emlib/em_gpio.o
                                0x55e (size before relaxing)
 .debug_str     0x00002065      0x288 ./emlib/em_i2c.o
                                0x6cb (size before relaxing)
 .debug_str     0x000022ed       0x1e ./emlib/em_int.o
                                0x1fb (size before relaxing)
 .debug_str     0x0000230b       0xb8 ./emlib/em_rtc.o
                                0x2da (size before relaxing)
 .debug_str     0x000023c3      0x834 ./emlib/em_usart.o
                                0xbe9 (size before relaxing)
 .debug_str     0x00002bf7      0x3d6 ./Graphics/dmd_display.o
                                0x686 (size before relaxing)
 .debug_str     0x00002fcd      0x160 ./Graphics/glib.o
                                0x5c3 (size before relaxing)
 .debug_str     0x0000312d       0x3c ./Graphics/glib_font_normal_8x8.o
                                0x2eb (size before relaxing)
 .debug_str     0x00003169       0xad ./Graphics/glib_line.o
                                0x4e0 (size before relaxing)
 .debug_str     0x00003216       0x5f ./Graphics/glib_rectangle.o
                                0x4bd (size before relaxing)
 .debug_str     0x00003275       0x9e ./Graphics/glib_string.o
                                0x4bd (size before relaxing)
 .debug_str     0x00003313       0xdd ./Drivers/display.o
                                0x489 (size before relaxing)
 .debug_str     0x000033f0      0x1b0 ./Drivers/displayls013b7dh03.o
                                0x5bd (size before relaxing)
 .debug_str     0x000035a0       0xac ./Drivers/displaypalemlib.o
                                0xadb (size before relaxing)
 .debug_str     0x0000364c       0x35 ./Drivers/i2cspm.o
                                0x866 (size before relaxing)
 .debug_str     0x00003681      0x2a3 ./Drivers/rtcdriver.o
                                0x9f0 (size before relaxing)
 .debug_str     0x00003924      0x121 ./Drivers/si1147_i2c.o
                                0x459 (size before relaxing)
 .debug_str     0x00003a45      0x1d9 ./Drivers/si114x_algorithm.o
                                0x52c (size before relaxing)
 .debug_str     0x00003c1e      0x2de ./Drivers/si114x_functions.o
                                0x5e2 (size before relaxing)
 .debug_str     0x00003efc       0x4d ./Drivers/si7013.o
                                0x3c9 (size before relaxing)
 .debug_str     0x00003f49       0xc4 ./Drivers/udelay.o
                                0x907 (size before relaxing)
 .debug_str     0x0000400d       0x96 ./CMSIS/efm32zg/system_efm32zg.o
                                0x3ec (size before relaxing)

.debug_loc      0x00000000     0x9dbd
 .debug_loc     0x00000000      0x80b ./src/graphics.o
 .debug_loc     0x0000080b      0x54c ./src/weatherstation.o
 .debug_loc     0x00000d57      0x3bf ./emlib/em_adc.o
 .debug_loc     0x00001116     0x1487 ./emlib/em_cmu.o
 .debug_loc     0x0000259d      0x178 ./emlib/em_emu.o
 .debug_loc     0x00002715      0x219 ./emlib/em_gpio.o
 .debug_loc     0x0000292e      0x541 ./emlib/em_i2c.o
 .debug_loc     0x00002e6f       0xfb ./emlib/em_rtc.o
 .debug_loc     0x00002f6a      0x715 ./emlib/em_usart.o
 .debug_loc     0x0000367f      0xc4c ./Graphics/dmd_display.o
 .debug_loc     0x000042cb      0x889 ./Graphics/glib.o
 .debug_loc     0x00004b54      0x8dc ./Graphics/glib_line.o
 .debug_loc     0x00005430      0x4c1 ./Graphics/glib_rectangle.o
 .debug_loc     0x000058f1      0x533 ./Graphics/glib_string.o
 .debug_loc     0x00005e24      0x250 ./Drivers/display.o
 .debug_loc     0x00006074      0x5cd ./Drivers/displayls013b7dh03.o
 .debug_loc     0x00006641      0x474 ./Drivers/displaypalemlib.o
 .debug_loc     0x00006ab5      0x1d0 ./Drivers/i2cspm.o
 .debug_loc     0x00006c85      0x97e ./Drivers/rtcdriver.o
 .debug_loc     0x00007603      0x5a5 ./Drivers/si1147_i2c.o
 .debug_loc     0x00007ba8      0x5ea ./Drivers/si114x_algorithm.o
 .debug_loc     0x00008192     0x155c ./Drivers/si114x_functions.o
 .debug_loc     0x000096ee      0x30f ./Drivers/si7013.o
 .debug_loc     0x000099fd      0x2c4 ./Drivers/udelay.o
 .debug_loc     0x00009cc1       0xfc ./CMSIS/efm32zg/system_efm32zg.o

.debug_ranges   0x00000000      0xca0
 .debug_ranges  0x00000000       0x28 ./src/graphics.o
 .debug_ranges  0x00000028      0x190 ./src/weatherstation.o
 .debug_ranges  0x000001b8       0x60 ./emlib/em_adc.o
 .debug_ranges  0x00000218      0x178 ./emlib/em_cmu.o
 .debug_ranges  0x00000390       0x70 ./emlib/em_emu.o
 .debug_ranges  0x00000400       0x58 ./emlib/em_gpio.o
 .debug_ranges  0x00000458       0x68 ./emlib/em_i2c.o
 .debug_ranges  0x000004c0       0x58 ./emlib/em_rtc.o
 .debug_ranges  0x00000518       0xa8 ./emlib/em_usart.o
 .debug_ranges  0x000005c0       0xa8 ./Graphics/dmd_display.o
 .debug_ranges  0x00000668       0x80 ./Graphics/glib.o
 .debug_ranges  0x000006e8       0x28 ./Graphics/glib_line.o
 .debug_ranges  0x00000710       0x28 ./Graphics/glib_rectangle.o
 .debug_ranges  0x00000738       0x20 ./Graphics/glib_string.o
 .debug_ranges  0x00000758       0x28 ./Drivers/display.o
 .debug_ranges  0x00000780       0x50 ./Drivers/displayls013b7dh03.o
 .debug_ranges  0x000007d0       0xb8 ./Drivers/displaypalemlib.o
 .debug_ranges  0x00000888       0x18 ./Drivers/i2cspm.o
 .debug_ranges  0x000008a0      0x1a0 ./Drivers/rtcdriver.o
 .debug_ranges  0x00000a40       0x50 ./Drivers/si1147_i2c.o
 .debug_ranges  0x00000a90       0x68 ./Drivers/si114x_algorithm.o
 .debug_ranges  0x00000af8      0x118 ./Drivers/si114x_functions.o
 .debug_ranges  0x00000c10       0x28 ./Drivers/si7013.o
 .debug_ranges  0x00000c38       0x18 ./Drivers/udelay.o
 .debug_ranges  0x00000c50       0x50 ./CMSIS/efm32zg/system_efm32zg.o

.debug_frame    0x00000000     0x1944
 .debug_frame   0x00000000       0x84 ./src/graphics.o
 .debug_frame   0x00000084      0x14c ./src/weatherstation.o
 .debug_frame   0x000001d0       0xac ./emlib/em_adc.o
 .debug_frame   0x0000027c      0x238 ./emlib/em_cmu.o
 .debug_frame   0x000004b4       0xa0 ./emlib/em_emu.o
 .debug_frame   0x00000554       0x74 ./emlib/em_gpio.o
 .debug_frame   0x000005c8       0xb8 ./emlib/em_i2c.o
 .debug_frame   0x00000680       0x88 ./emlib/em_rtc.o
 .debug_frame   0x00000708      0x1b8 ./emlib/em_usart.o
 .debug_frame   0x000008c0      0x178 ./Graphics/dmd_display.o
 .debug_frame   0x00000a38      0x160 ./Graphics/glib.o
 .debug_frame   0x00000b98       0x88 ./Graphics/glib_line.o
 .debug_frame   0x00000c20       0x7c ./Graphics/glib_rectangle.o
 .debug_frame   0x00000c9c       0x68 ./Graphics/glib_string.o
 .debug_frame   0x00000d04       0x70 ./Drivers/display.o
 .debug_frame   0x00000d74       0xf8 ./Drivers/displayls013b7dh03.o
 .debug_frame   0x00000e6c      0x130 ./Drivers/displaypalemlib.o
 .debug_frame   0x00000f9c       0x50 ./Drivers/i2cspm.o
 .debug_frame   0x00000fec      0x1b8 ./Drivers/rtcdriver.o
 .debug_frame   0x000011a4      0x110 ./Drivers/si1147_i2c.o
 .debug_frame   0x000012b4       0xbc ./Drivers/si114x_algorithm.o
 .debug_frame   0x00001370      0x240 ./Drivers/si114x_functions.o
 .debug_frame   0x000015b0       0x88 ./Drivers/si7013.o
 .debug_frame   0x00001638       0x40 ./Drivers/udelay.o
 .debug_frame   0x00001678       0xb8 ./CMSIS/efm32zg/system_efm32zg.o
 .debug_frame   0x00001730       0x20 c:/siliconlabs/simplicitystudio/v3/developer/toolchains/gnu_arm/4.8_2013q4/bin/../lib/gcc/arm-none-eabi/4.8.3/armv6-m\libgcc.a(_udivsi3.o)
 .debug_frame   0x00001750       0x20 c:/siliconlabs/simplicitystudio/v3/developer/toolchains/gnu_arm/4.8_2013q4/bin/../lib/gcc/arm-none-eabi/4.8.3/armv6-m\libgcc.a(_divsi3.o)
 .debug_frame   0x00001770       0x30 c:/siliconlabs/simplicitystudio/v3/developer/toolchains/gnu_arm/4.8_2013q4/bin/../lib/gcc/arm-none-eabi/4.8.3/armv6-m\libgcc.a(_muldi3.o)
 .debug_frame   0x000017a0       0x50 c:/siliconlabs/simplicitystudio/v3/developer/toolchains/gnu_arm/4.8_2013q4/bin/../lib/gcc/arm-none-eabi/4.8.3/armv6-m\libgcc.a(bpabi.o)
 .debug_frame   0x000017f0       0x3c c:/siliconlabs/simplicitystudio/v3/developer/toolchains/gnu_arm/4.8_2013q4/bin/../lib/gcc/arm-none-eabi/4.8.3/armv6-m\libgcc.a(_divdi3.o)
 .debug_frame   0x0000182c       0x3c c:/siliconlabs/simplicitystudio/v3/developer/toolchains/gnu_arm/4.8_2013q4/bin/../lib/gcc/arm-none-eabi/4.8.3/armv6-m\libgcc.a(_udivdi3.o)
 .debug_frame   0x00001868       0x28 c:/siliconlabs/simplicitystudio/v3/developer/toolchains/gnu_arm/4.8_2013q4/bin/../lib/gcc/arm-none-eabi/4.8.3/../../../../arm-none-eabi/lib/armv6-m\libc_s.a(lib_a-exit.o)
 .debug_frame   0x00001890       0x2c c:/siliconlabs/simplicitystudio/v3/developer/toolchains/gnu_arm/4.8_2013q4/bin/../lib/gcc/arm-none-eabi/4.8.3/../../../../arm-none-eabi/lib/armv6-m\libc_s.a(lib_a-init.o)
 .debug_frame   0x000018bc       0x28 c:/siliconlabs/simplicitystudio/v3/developer/toolchains/gnu_arm/4.8_2013q4/bin/../lib/gcc/arm-none-eabi/4.8.3/../../../../arm-none-eabi/lib/armv6-m\libc_s.a(lib_a-memcpy-stub.o)
 .debug_frame   0x000018e4       0x20 c:/siliconlabs/simplicitystudio/v3/developer/toolchains/gnu_arm/4.8_2013q4/bin/../lib/gcc/arm-none-eabi/4.8.3/../../../../arm-none-eabi/lib/armv6-m\libc_s.a(lib_a-memset.o)
 .debug_frame   0x00001904       0x20 c:/siliconlabs/simplicitystudio/v3/developer/toolchains/gnu_arm/4.8_2013q4/bin/../lib/gcc/arm-none-eabi/4.8.3/../../../../arm-none-eabi/lib/armv6-m\libc_s.a(lib_a-strlen.o)
 .debug_frame   0x00001924       0x20 c:/siliconlabs/simplicitystudio/v3/developer/toolchains/gnu_arm/4.8_2013q4/bin/../lib/gcc/arm-none-eabi/4.8.3/../../../../arm-none-eabi/lib/armv6-m\libnosys.a(_exit.o)
